// Jest Snapshot v1, https://goo.gl/fbAQLP

exports[`Local Feed tab tests renders correctly 1`] = `
<View
  style={Object {}}
>
  <Text
    accessible={true}
    allowFontScaling={true}
    ellipsizeMode="tail"
  >
    Local
  </Text>
</View>
`;
