// Jest Snapshot v1, https://goo.gl/fbAQLP

exports[`Intro screen tests renders correctly 1`] = `
<View
  style={
    Object {
      "alignItems": "center",
      "flex": 1,
      "justifyContent": "space-between",
    }
  }
>
  <View
    style={
      Object {
        "alignItems": "center",
        "justifyContent": "center",
        "marginTop": 150,
      }
    }
  >
    <Image
      resizeMode="contain"
      source={
        Object {
          "testUri": "../../../screens/res/mlogo.png",
        }
      }
      style={
        Object {
          "height": 150,
          "width": 150,
        }
      }
    />
    <Text
      accessible={true}
      allowFontScaling={true}
      ellipsizeMode="tail"
      style={
        Object {
          "color": "#000",
          "fontFamily": "SourceSansPro_Bold",
          "fontSize": 35,
        }
      }
    >
      Motion
    </Text>
    <Text
      accessible={true}
      allowFontScaling={true}
      ellipsizeMode="tail"
      style={
        Object {
          "color": "#222",
          "fontFamily": "SourceSansPro_Light",
          "fontSize": 20,
          "marginLeft": 15,
          "marginRight": 15,
          "marginTop": 15,
          "textAlign": "center",
        }
      }
    >
      is a mobile platform that lets you create change in the world.
    </Text>
    <Text
      accessible={true}
      allowFontScaling={true}
      ellipsizeMode="tail"
      style={
        Object {
          "color": "#666",
          "fontFamily": "SourceSansPro_Light",
          "fontSize": 20,
          "marginLeft": 15,
          "marginRight": 15,
          "marginTop": 15,
          "textAlign": "center",
        }
      }
    >
      You can create movements, gather like minded people, and make the world a better place.
    </Text>
  </View>
  <View
    accessibilityComponentType={undefined}
    accessibilityLabel={undefined}
    accessibilityTraits={undefined}
    accessible={true}
    collapsable={undefined}
    hasTVPreferredFocus={undefined}
    hitSlop={undefined}
    isTVSelectable={true}
    nativeID={undefined}
    onLayout={undefined}
    onResponderGrant={[Function]}
    onResponderMove={[Function]}
    onResponderRelease={[Function]}
    onResponderTerminate={[Function]}
    onResponderTerminationRequest={[Function]}
    onStartShouldSetResponder={[Function]}
    style={
      Object {
        "alignItems": "center",
        "alignSelf": "stretch",
        "backgroundColor": "#5C7D87",
        "height": 50,
        "justifyContent": "center",
        "opacity": 1,
      }
    }
    testID={undefined}
    tvParallaxProperties={undefined}
  >
    <View>
      <Text
        accessible={true}
        allowFontScaling={true}
        ellipsizeMode="tail"
        style={
          Object {
            "color": "#fff",
            "fontFamily": "SourceSansPro_Regular",
            "fontSize": 15,
          }
        }
      >
        Next
      </Text>
    </View>
  </View>
</View>
`;
